2025-10-15 18:54:27,564 - pyswarms.single.global_best - INFO - Optimize for 20 iters with {'c1': 1.5, 'c2': 1.5, 'w': 0.7}
2025-10-15 19:08:37,803 - pyswarms.single.global_best - INFO - Optimization finished | best cost: 0.870995672456345, best pos: [ 1.43519742  0.4036721   0.88966194  0.74682832  0.37472077  0.0877178
  1.07565034  1.36326856  1.32842201  1.53210366  1.21491245  1.08302868
  0.71897359  0.38822398  0.74513756  0.73118868  0.49185561  0.61574367
  0.65321411  0.6564647   1.17329766  0.36872644  0.70578934  0.53799039
  0.79160145  1.44060747  1.25577612  0.5887817   0.32125062  0.96229862
  0.63387371  1.00570577  0.39571096  1.14329833  0.72680454  0.41857063
  0.92495414  0.96932144  0.97929896  0.7038509   0.6855699   0.77987912
  0.66913822  0.44614328  1.18759394  1.15324067  1.67031292  1.49950023
  0.09793222  0.38965467 -0.30323751  0.89533404  1.11520993  0.97488485
  1.22372157  0.30776429  0.5728259   1.1695888   0.76509485  1.14449181
  0.55459292  0.15206273  1.28825235  0.80719004  1.06238355  0.61222872
  0.68821172  1.16834709  0.53204328  0.71560849  1.28188692  0.28648517
  0.55267254  0.80495586  1.30936985  0.25588025 -0.11685443  1.21709942
  0.61942445  1.07562624  1.12526038  0.82477     1.17244313  0.23665785
  1.00514695  0.60119302  0.84809303  0.65044845  0.6535006   0.96994021
  1.18600407  0.16594713  0.56982619  0.49950826  0.46107358  1.10132509
  1.27458023  0.65393953  0.32400099  1.12166205  1.57826096  0.79253368
  0.73179408  1.07895708  1.07605302  0.80894872  0.35648011  0.70025033
  1.20590726  0.53207711  1.0900631   0.13737589  1.1907892   0.92638675
  1.25619687  0.43518556  0.89819719  0.29725206  0.46629411  1.38390646
  0.77347148  0.38439733  0.66886215  0.72871384  0.86917161  0.61860225
  0.83601168  0.4682752   0.71527667  1.33573798  0.21422287  1.35664244
  0.43730691  0.50275654  0.65131011  0.29045251  0.9051785   0.45731023
  0.53181178  0.48669545  0.92598722  0.73034609  0.67183562  0.92373754
  0.76489269  1.01256787  0.8666361   1.03513793  0.26956154  0.7469216
  0.89415633  0.82753547  1.09200815  0.79126845  0.92535022  0.91365904
  0.73297787  0.93866585  0.71282708  0.24335767  0.94282912  0.66209579
  0.51216718  0.87098931  1.0478868   0.98407031  0.74722049  0.27310766
  1.29543399  0.55302936  1.29772046  1.72429124  1.25842819  0.05780589
  1.18372379  0.48299066  0.5114012   0.52533568  0.70772257  0.87345071
  0.87849369  0.887671    0.99468441  0.83777019  0.89145096  1.45180585
  0.65069543  1.00453402  1.43131023  1.00213472  1.33793505  0.75972864
  1.46774708  1.07874838  0.8762526   0.60849523  1.48696965  0.87144177
  0.63619872  0.70837541  0.30565247  0.84354708  0.82372809  1.0635753
  0.93048884  0.75594087  0.7987171   0.95015778  0.83660316  0.53027293
  0.40121247  0.65072548  1.5860269   0.92407981  0.61788515  0.4419979
  0.83463304 -0.28218762  1.49175802  0.92278374  1.24608586  0.6605708
  0.61338276  0.80201754  0.3754019   0.88559947  0.99761484  0.30267027
  0.89347634  0.89125381  0.22127282  0.77337734  1.01937958  1.22282415
  1.08272773  0.87205265  0.54966361  0.31313228  0.74473644  1.46587571
  0.93697728  0.02172269  0.30326527  1.20927135  0.7785643   1.07505586
  1.09666675  1.06378677  0.54707187  0.62269789  0.97588173  0.55643357
  1.27988532  0.62636388  0.80829945  1.50459873  0.92154545  0.77997982
  0.76585472  1.05141561  0.92544423  1.11136939  0.58475569  1.22972838
  0.94588626  0.95819031  1.28574253  1.498426    0.44972352  1.20493542
  1.49310605  0.81931863  1.06453046  0.980062    0.34233918  1.49628529
  0.1918843   0.27956124  1.12347632  1.18344258  1.35904653  1.23773334
  0.78706833  0.5210235   0.9242458   1.61513628  0.86070542  0.8706025
  0.48646231  1.25628054  1.3547343   0.70107853  0.26278131  1.21280198
  0.08687766  1.01349763  0.67328587  1.20120221  1.42758943  0.76207566
  1.2786588   0.63533401  0.70092554  1.15900354  0.64833704  0.22545933
  0.70002287  0.95755487  1.49135934  1.05707472  0.78956177  1.20727489
  0.89419024  1.12343121  0.78544467  1.28887584  0.80186224 -0.05974865
  1.01583158  0.60837587  0.57373178  0.81530288  0.32163392  1.2716699
  0.78137658  0.35532229  1.48216064  1.02050449  0.60974297  0.44437444
  1.47985331  1.37235427  1.34890797  0.36922647  0.61868209  0.97273747
  0.32361647  1.08077832  0.90908562 -0.0772872   1.09983082  0.83303337
  1.43962714  0.17767009  1.08883335  0.77317217  0.61711935  1.06031462
  0.65272953  1.15480415  1.08899572  0.25232973  0.71433315  0.33661985
  0.42003612  0.87437513  0.38733054  1.01574539  1.76976333  0.77759999
  0.46638024  0.72607218  0.40572082  0.78876581  0.70219935  1.19806642
  0.44373888  0.40343754  1.2504286   0.52655216  0.66840386  1.04372099
  0.73462433  1.33708934  0.77604071  0.96780641  1.31671977  0.92050027
  1.17526531  1.4449955   0.3112719   0.49173016  0.60886919  0.64798856
  0.69151595  0.93896871  0.21821252  1.34869444  0.92380011  0.69988971
  0.9168948   1.11752655  1.11841994  1.199504    1.14653173  0.55225475
  0.73676214  0.81749753  0.7481841   0.83823503  1.25427792  0.83146848
  0.46173627  0.65517825  0.77690106  0.76369715  1.12741457  1.16446922
  1.53250771  1.08112513  0.82537922  1.0026467   0.47836173  0.70122149
  0.38273579  0.24965854  0.78814188  1.04742291  1.13611914  0.78129546
  1.17551831  0.75495714  0.91163955  0.89313371  1.0107665   0.53718562
  1.10533796  1.23564117  1.38070086  0.84807429  0.40916249  1.1630728
  1.04272118  1.38910884  0.69345945  0.68295495  1.42527242  0.84229433
  0.5930557   0.42442942  0.38076889  0.83677251  0.64190626  1.16506747
  1.23731771  0.549519    0.73823095  1.29431539  0.25629862  1.24807671
  0.59149341  1.14220595  0.6127519   0.70267041  0.4952624   0.75063967
  0.7245918   0.9060033   1.27674602  1.63067621  0.84153438  0.94407134
  0.58651273  1.30464073  0.54523294 -0.07827278  0.61668308  0.36243998
  1.19601586  0.41099357  0.63842347  1.08905505  0.25261982  0.91469846
  0.75235267  1.40734322  0.16662205  1.1597629   1.13295903  0.65381088
  0.23865901  0.91016291  0.93788942  0.34119342  0.37758307  1.02016481
  1.26751392  0.88131407  0.57848528  1.18202445  1.02396313  0.37359054
  1.00567964  0.85641551  0.28639392  1.02631965  0.73087019  1.14687383
  1.11203215  1.50741711  0.78037822  0.56794765  1.10668803  0.77979983
  1.39757285  0.76407619  0.69755564  0.7745316   0.26826607  1.59195311
  0.76926275  0.98066173]
2025-11-18 14:34:06,403 - pyswarms.single.global_best - INFO - Optimize for 25 iters with {'c1': 1.5, 'c2': 1.5, 'w': 0.7}
